Archive member included because of file (symbol)

c:/ac6/systemworkbench/plugins/fr.ac6.mcu.externaltools.arm-none.win32_1.1.0.201503101257/tools/compiler/bin/../lib/gcc/arm-none-eabi/4.8.4/../../../../arm-none-eabi/lib/armv7e-m/softfp\libc.a(lib_a-errno.o)
                              ./src/syscalls.o (__errno)
c:/ac6/systemworkbench/plugins/fr.ac6.mcu.externaltools.arm-none.win32_1.1.0.201503101257/tools/compiler/bin/../lib/gcc/arm-none-eabi/4.8.4/../../../../arm-none-eabi/lib/armv7e-m/softfp\libc.a(lib_a-exit.o)
                              c:/ac6/systemworkbench/plugins/fr.ac6.mcu.externaltools.arm-none.win32_1.1.0.201503101257/tools/compiler/bin/../lib/gcc/arm-none-eabi/4.8.4/../../../../arm-none-eabi/lib/armv7e-m/softfp/crt0.o (exit)
c:/ac6/systemworkbench/plugins/fr.ac6.mcu.externaltools.arm-none.win32_1.1.0.201503101257/tools/compiler/bin/../lib/gcc/arm-none-eabi/4.8.4/../../../../arm-none-eabi/lib/armv7e-m/softfp\libc.a(lib_a-impure.o)
                              c:/ac6/systemworkbench/plugins/fr.ac6.mcu.externaltools.arm-none.win32_1.1.0.201503101257/tools/compiler/bin/../lib/gcc/arm-none-eabi/4.8.4/../../../../arm-none-eabi/lib/armv7e-m/softfp\libc.a(lib_a-exit.o) (_global_impure_ptr)
c:/ac6/systemworkbench/plugins/fr.ac6.mcu.externaltools.arm-none.win32_1.1.0.201503101257/tools/compiler/bin/../lib/gcc/arm-none-eabi/4.8.4/../../../../arm-none-eabi/lib/armv7e-m/softfp\libc.a(lib_a-init.o)
                              c:/ac6/systemworkbench/plugins/fr.ac6.mcu.externaltools.arm-none.win32_1.1.0.201503101257/tools/compiler/bin/../lib/gcc/arm-none-eabi/4.8.4/../../../../arm-none-eabi/lib/armv7e-m/softfp/crt0.o (__libc_init_array)
c:/ac6/systemworkbench/plugins/fr.ac6.mcu.externaltools.arm-none.win32_1.1.0.201503101257/tools/compiler/bin/../lib/gcc/arm-none-eabi/4.8.4/../../../../arm-none-eabi/lib/armv7e-m/softfp\libc.a(lib_a-memset.o)
                              c:/ac6/systemworkbench/plugins/fr.ac6.mcu.externaltools.arm-none.win32_1.1.0.201503101257/tools/compiler/bin/../lib/gcc/arm-none-eabi/4.8.4/../../../../arm-none-eabi/lib/armv7e-m/softfp/crt0.o (memset)
c:/ac6/systemworkbench/plugins/fr.ac6.mcu.externaltools.arm-none.win32_1.1.0.201503101257/tools/compiler/bin/../lib/gcc/arm-none-eabi/4.8.4/../../../../arm-none-eabi/lib/armv7e-m/softfp\libc.a(lib_a-__call_atexit.o)
                              c:/ac6/systemworkbench/plugins/fr.ac6.mcu.externaltools.arm-none.win32_1.1.0.201503101257/tools/compiler/bin/../lib/gcc/arm-none-eabi/4.8.4/../../../../arm-none-eabi/lib/armv7e-m/softfp\libc.a(lib_a-exit.o) (__call_exitprocs)
c:/ac6/systemworkbench/plugins/fr.ac6.mcu.externaltools.arm-none.win32_1.1.0.201503101257/tools/compiler/bin/../lib/gcc/arm-none-eabi/4.8.4/../../../../arm-none-eabi/lib/armv7e-m/softfp\libc.a(lib_a-atexit.o)
                              c:/ac6/systemworkbench/plugins/fr.ac6.mcu.externaltools.arm-none.win32_1.1.0.201503101257/tools/compiler/bin/../lib/gcc/arm-none-eabi/4.8.4/../../../../arm-none-eabi/lib/armv7e-m/softfp\libc.a(lib_a-__call_atexit.o) (atexit)
c:/ac6/systemworkbench/plugins/fr.ac6.mcu.externaltools.arm-none.win32_1.1.0.201503101257/tools/compiler/bin/../lib/gcc/arm-none-eabi/4.8.4/../../../../arm-none-eabi/lib/armv7e-m/softfp\libc.a(lib_a-fini.o)
                              c:/ac6/systemworkbench/plugins/fr.ac6.mcu.externaltools.arm-none.win32_1.1.0.201503101257/tools/compiler/bin/../lib/gcc/arm-none-eabi/4.8.4/../../../../arm-none-eabi/lib/armv7e-m/softfp\libc.a(lib_a-__call_atexit.o) (__libc_fini_array)
c:/ac6/systemworkbench/plugins/fr.ac6.mcu.externaltools.arm-none.win32_1.1.0.201503101257/tools/compiler/bin/../lib/gcc/arm-none-eabi/4.8.4/../../../../arm-none-eabi/lib/armv7e-m/softfp\libc.a(lib_a-__atexit.o)
                              c:/ac6/systemworkbench/plugins/fr.ac6.mcu.externaltools.arm-none.win32_1.1.0.201503101257/tools/compiler/bin/../lib/gcc/arm-none-eabi/4.8.4/../../../../arm-none-eabi/lib/armv7e-m/softfp\libc.a(lib_a-atexit.o) (__register_exitproc)

Allocating common symbols
Common symbol       size              file

LCD_CacheBuffer_yptr_bottom_bak
                    0x2               ./Utilities/Common/lcd_log.o
LCD_CacheBuffer_yptr_top_bak
                    0x2               ./Utilities/Common/lcd_log.o
sEEDMA_InitStructure
                    0x3c              ./Utilities/STM32F429I-Discovery/stm32f429i_discovery.o
microseconds        0x4               ./src/main.o
LCD_CacheBuffer_yptr_bottom
                    0x2               ./Utilities/Common/lcd_log.o
LCD_CacheBuffer_xptr
                    0x2               ./Utilities/Common/lcd_log.o
LCD_CacheBuffer_yptr_invert
                    0x1               ./Utilities/Common/lcd_log.o
LCD_Lock            0x1               ./Utilities/Common/lcd_log.o
LCD_Scrolled        0x1               ./Utilities/Common/lcd_log.o
LCD_CacheBuffer_yptr_top
                    0x2               ./Utilities/Common/lcd_log.o
LCD_ScrollActive    0x1               ./Utilities/Common/lcd_log.o
[...]
Memory Configuration

Name             Origin             Length             Attributes
FLASH            0x08000000         0x00200000         xr
RAM              0x20000000         0x00030000         xrw
CCMRAM           0x10000000         0x00010000         rw
*default*        0x00000000         0xffffffff

Linker script and memory map

LOAD c:/ac6/systemworkbench/plugins/fr.ac6.mcu.externaltools.arm-none.win32_1.1.0.201503101257/tools/compiler/bin/../lib/gcc/arm-none-eabi/4.8.4/armv7e-m/softfp/crti.o
LOAD c:/ac6/systemworkbench/plugins/fr.ac6.mcu.externaltools.arm-none.win32_1.1.0.201503101257/tools/compiler/bin/../lib/gcc/arm-none-eabi/4.8.4/armv7e-m/softfp/crtbegin.o
LOAD c:/ac6/systemworkbench/plugins/fr.ac6.mcu.externaltools.arm-none.win32_1.1.0.201503101257/tools/compiler/bin/../lib/gcc/arm-none-eabi/4.8.4/../../../../arm-none-eabi/lib/armv7e-m/softfp/crt0.o
LOAD ./startup/startup_stm32f429_439xx.o
LOAD ./src/main.o
LOAD ./src/syscalls.o
LOAD ./src/system_stm32f4xx.o
LOAD ./src/myCustomLibs/time.o
LOAD ./Utilities/STM32F429I-Discovery/stm32f429i_discovery.o
LOAD ./Utilities/STM32F429I-Discovery/stm32f429i_discovery_ioe.o
LOAD ./Utilities/STM32F429I-Discovery/stm32f429i_discovery_l3gd20.o
LOAD ./Utilities/STM32F429I-Discovery/stm32f429i_discovery_lcd.o
LOAD ./Utilities/STM32F429I-Discovery/stm32f429i_discovery_sdram.o
LOAD ./Utilities/Common/fonts.o
LOAD ./Utilities/Common/lcd_log.o
LOAD ./StdPeriph_Driver/src/misc.o
LOAD ./StdPeriph_Driver/src/stm32f4xx_adc.o
LOAD ./StdPeriph_Driver/src/stm32f4xx_can.o
LOAD ./StdPeriph_Driver/src/stm32f4xx_crc.o
LOAD ./StdPeriph_Driver/src/stm32f4xx_cryp.o
LOAD ./StdPeriph_Driver/src/stm32f4xx_cryp_aes.o
LOAD ./StdPeriph_Driver/src/stm32f4xx_cryp_des.o
LOAD ./StdPeriph_Driver/src/stm32f4xx_cryp_tdes.o
LOAD ./StdPeriph_Driver/src/stm32f4xx_dac.o
LOAD ./StdPeriph_Driver/src/stm32f4xx_dbgmcu.o
LOAD ./StdPeriph_Driver/src/stm32f4xx_dcmi.o
LOAD ./StdPeriph_Driver/src/stm32f4xx_dma.o
LOAD ./StdPeriph_Driver/src/stm32f4xx_dma2d.o
LOAD ./StdPeriph_Driver/src/stm32f4xx_exti.o
LOAD ./StdPeriph_Driver/src/stm32f4xx_flash.o
LOAD ./StdPeriph_Driver/src/stm32f4xx_fmc.o
LOAD ./StdPeriph_Driver/src/stm32f4xx_gpio.o
LOAD ./StdPeriph_Driver/src/stm32f4xx_hash.o
LOAD ./StdPeriph_Driver/src/stm32f4xx_hash_md5.o
LOAD ./StdPeriph_Driver/src/stm32f4xx_hash_sha1.o
LOAD ./StdPeriph_Driver/src/stm32f4xx_i2c.o
LOAD ./StdPeriph_Driver/src/stm32f4xx_iwdg.o
LOAD ./StdPeriph_Driver/src/stm32f4xx_ltdc.o
LOAD ./StdPeriph_Driver/src/stm32f4xx_pwr.o
LOAD ./StdPeriph_Driver/src/stm32f4xx_rcc.o
LOAD ./StdPeriph_Driver/src/stm32f4xx_rng.o
LOAD ./StdPeriph_Driver/src/stm32f4xx_rtc.o
LOAD ./StdPeriph_Driver/src/stm32f4xx_sai.o
LOAD ./StdPeriph_Driver/src/stm32f4xx_sdio.o
LOAD ./StdPeriph_Driver/src/stm32f4xx_spi.o
LOAD ./StdPeriph_Driver/src/stm32f4xx_syscfg.o
LOAD ./StdPeriph_Driver/src/stm32f4xx_tim.o
LOAD ./StdPeriph_Driver/src/stm32f4xx_usart.o
LOAD ./StdPeriph_Driver/src/stm32f4xx_wwdg.o
START GROUP
LOAD c:/ac6/systemworkbench/plugins/fr.ac6.mcu.externaltools.arm-none.win32_1.1.0.201503101257/tools/compiler/bin/../lib/gcc/arm-none-eabi/4.8.4/armv7e-m/softfp\libgcc.a
LOAD c:/ac6/systemworkbench/plugins/fr.ac6.mcu.externaltools.arm-none.win32_1.1.0.201503101257/tools/compiler/bin/../lib/gcc/arm-none-eabi/4.8.4/../../../../arm-none-eabi/lib/armv7e-m/softfp\libc.a
END GROUP
LOAD c:/ac6/systemworkbench/plugins/fr.ac6.mcu.externaltools.arm-none.win32_1.1.0.201503101257/tools/compiler/bin/../lib/gcc/arm-none-eabi/4.8.4/armv7e-m/softfp/crtend.o
LOAD c:/ac6/systemworkbench/plugins/fr.ac6.mcu.externaltools.arm-none.win32_1.1.0.201503101257/tools/compiler/bin/../lib/gcc/arm-none-eabi/4.8.4/armv7e-m/softfp/crtn.o
                0x2002ffff                _estack = 0x2002ffff
                0x00000200                _Min_Heap_Size = 0x200
                0x00000400                _Min_Stack_Size = 0x400

.isr_vector     0x08000000      0x1ac
                0x08000000                . = ALIGN (0x4)
 *(.isr_vector)
 .isr_vector    0x08000000      0x1ac ./startup/startup_stm32f429_439xx.o
                0x08000000                g_pfnVectors
                0x080001ac                . = ALIGN (0x4)

.text           0x080001ac     0x2ee8
                0x080001ac                . = ALIGN (0x4)
 *(.text)
 .text          0x080001ac       0x54 c:/ac6/systemworkbench/plugins/fr.ac6.mcu.externaltools.arm-none.win32_1.1.0.201503101257/tools/compiler/bin/../lib/gcc/arm-none-eabi/4.8.4/armv7e-m/softfp/crtbegin.o
 *(.text*)
 .text.Reset_Handler
                0x08000200       0x50 ./startup/startup_stm32f429_439xx.o
                0x08000200                Reset_Handler
 .text.Default_Handler
                0x08000250        0x4 ./startup/startup_stm32f429_439xx.o
                0x08000250                RTC_Alarm_IRQHandler
                0x08000250                HASH_RNG_IRQHandler
                0x08000250                EXTI2_IRQHandler
                0x08000250                TIM8_CC_IRQHandler
                0x08000250                DebugMon_Handler
                0x08000250                UART8_IRQHandler
                0x08000250                SPI4_IRQHandler
                0x08000250                TIM1_CC_IRQHandler
                0x08000250                DMA2_Stream5_IRQHandler
                0x08000250                HardFault_Handler
                0x08000250                DMA1_Stream5_IRQHandler
                0x08000250                PVD_IRQHandler
                0x08000250                SDIO_IRQHandler
                0x08000250                TAMP_STAMP_IRQHandler
                0x08000250                PendSV_Handler
                0x08000250                NMI_Handler
                0x08000250                CAN2_RX1_IRQHandler
                0x08000250                EXTI3_IRQHandler
                0x08000250                TIM8_TRG_COM_TIM14_IRQHandler
                0x08000250                TIM1_UP_TIM10_IRQHandler
                0x08000250                TIM8_UP_TIM13_IRQHandler
                0x08000250                I2C3_ER_IRQHandler
                0x08000250                EXTI0_IRQHandler
                0x08000250                I2C2_EV_IRQHandler
                0x08000250                DMA1_Stream2_IRQHandler
                0x08000250                CAN1_RX0_IRQHandler
                0x08000250                FPU_IRQHandler
                0x08000250                OTG_HS_WKUP_IRQHandler
                0x08000250                UsageFault_Handler
                0x08000250                LTDC_ER_IRQHandler
                0x08000250                CAN2_SCE_IRQHandler
                0x08000250                DMA2_Stream2_IRQHandler
                0x08000250                SPI1_IRQHandler
                0x08000250                TIM6_DAC_IRQHandler
                0x08000250                TIM1_BRK_TIM9_IRQHandler
                0x08000250                DCMI_IRQHandler
                0x08000250                CAN2_RX0_IRQHandler
                0x08000250                DMA2_Stream3_IRQHandler
                0x08000250                USART6_IRQHandler
                0x08000250                USART3_IRQHandler
                0x08000250                CRYP_IRQHandler
                0x08000250                CAN1_RX1_IRQHandler
                0x08000250                UART5_IRQHandler
                0x08000250                DMA2_Stream0_IRQHandler
                0x08000250                TIM4_IRQHandler
                0x08000250                I2C1_EV_IRQHandler
                0x08000250                DMA1_Stream6_IRQHandler
                0x08000250                DMA1_Stream1_IRQHandler
                0x08000250                UART4_IRQHandler
                0x08000250                TIM3_IRQHandler
                0x08000250                RCC_IRQHandler
                0x08000250                TIM8_BRK_TIM12_IRQHandler
                0x08000250                Default_Handler
                0x08000250                EXTI15_10_IRQHandler
                0x08000250                ADC_IRQHandler
                0x08000250                DMA1_Stream7_IRQHandler
                0x08000250                SPI5_IRQHandler
                0x08000250                TIM7_IRQHandler
                0x08000250                CAN2_TX_IRQHandler
                0x08000250                TIM5_IRQHandler
                0x08000250                DMA2_Stream7_IRQHandler
                0x08000250                I2C3_EV_IRQHandler
                0x08000250                EXTI9_5_IRQHandler
                0x08000250                RTC_WKUP_IRQHandler
                0x08000250                LTDC_IRQHandler
                0x08000250                ETH_WKUP_IRQHandler
                0x08000250                SPI2_IRQHandler
                0x08000250                OTG_HS_EP1_IN_IRQHandler
                0x08000250                MemManage_Handler
                0x08000250                DMA1_Stream0_IRQHandler
                0x08000250                CAN1_TX_IRQHandler
                0x08000250                SVC_Handler
                0x08000250                EXTI4_IRQHandler
                0x08000250                FSMC_IRQHandler
                0x08000250                ETH_IRQHandler
                0x08000250                OTG_HS_EP1_OUT_IRQHandler
                0x08000250                WWDG_IRQHandler
                0x08000250                SPI6_IRQHandler
                0x08000250                TIM2_IRQHandler
                0x08000250                OTG_FS_WKUP_IRQHandler
                0x08000250                TIM1_TRG_COM_TIM11_IRQHandler
                0x08000250                OTG_HS_IRQHandler
                0x08000250                DMA2D_IRQHandler
                0x08000250                EXTI1_IRQHandler
                0x08000250                UART7_IRQHandler
                0x08000250                USART2_IRQHandler
                0x08000250                I2C2_ER_IRQHandler
                0x08000250                DMA2_Stream1_IRQHandler
                0x08000250                CAN1_SCE_IRQHandler
                0x08000250                FLASH_IRQHandler
                0x08000250                DMA2_Stream4_IRQHandler
                0x08000250                BusFault_Handler
                0x08000250                USART1_IRQHandler
                0x08000250                OTG_FS_IRQHandler
                0x08000250                SPI3_IRQHandler
                0x08000250                DMA1_Stream4_IRQHandler
                0x08000250                I2C1_ER_IRQHandler
                0x08000250                DMA2_Stream6_IRQHandler
                0x08000250                SAI1_IRQHandler
                0x08000250                DMA1_Stream3_IRQHandler
 .text.main     0x08000254      0x1dc ./src/main.o
                0x08000254                main
 .text.Clock_Config
                0x08000430       0x20 ./src/main.o
                0x08000430                Clock_Config
 .text.GPIO_Config
                0x08000450       0x48 ./src/main.o
                0x08000450                GPIO_Config
 .text.USART_Config
                0x08000498       0x64 ./src/main.o
                0x08000498                USART_Config
 .text.USART1_Send_String
                0x080004fc       0x3c ./src/main.o
                0x080004fc                USART1_Send_String
 .text.LCD_Config
                0x08000538      0x14c ./src/main.o
 .text.LCD_AF_GPIOConfig
                0x08000684      0x16c ./src/main.o
 .text.delay    0x080007f0       0x30 ./src/main.o
 .text.SystemInit
                0x08000820       0x68 ./src/system_stm32f4xx.o
                0x08000820                SystemInit
 .text.SystemCoreClockUpdate
                0x08000888       0xf8 ./src/system_stm32f4xx.o
                0x08000888                SystemCoreClockUpdate
 .text.SetSysClock
                0x08000980      0x128 ./src/system_stm32f4xx.o
 .text.NVIC_SetPriority
                0x08000aa8       0x54 ./src/myCustomLibs/time.o
 .text.SysTick_Config
                0x08000afc       0x44 ./src/myCustomLibs/time.o
 .text.Init_Time
                0x08000b40       0x3c ./src/myCustomLibs/time.o
                0x08000b40                Init_Time
 .text.Millis   0x08000b7c       0x18 ./src/myCustomLibs/time.o
                0x08000b7c                Millis
 .text.SysTick_Handler
                0x08000b94       0x1c ./src/myCustomLibs/time.o
                0x08000b94                SysTick_Handler
 .text.LCD_Init
                0x08000bb0       0xb4 ./Utilities/STM32F429I-Discovery/stm32f429i_discovery_lcd.o
                0x08000bb0                LCD_Init
 .text.LCD_LayerInit
                0x08000c64       0xb4 ./Utilities/STM32F429I-Discovery/stm32f429i_discovery_lcd.o
                0x08000c64                LCD_LayerInit
 .text.LCD_ChipSelect
                0x08000d18       0x2c ./Utilities/STM32F429I-Discovery/stm32f429i_discovery_lcd.o
                0x08000d18                LCD_ChipSelect
 .text.LCD_SetLayer
                0x08000d44       0x40 ./Utilities/STM32F429I-Discovery/stm32f429i_discovery_lcd.o
                0x08000d44                LCD_SetLayer
 .text.LCD_SetTextColor
                0x08000d84       0x20 ./Utilities/STM32F429I-Discovery/stm32f429i_discovery_lcd.o
                0x08000d84                LCD_SetTextColor
 .text.LCD_SetBackColor
                0x08000da4       0x20 ./Utilities/STM32F429I-Discovery/stm32f429i_discovery_lcd.o
                0x08000da4                LCD_SetBackColor
 .text.LCD_SetFont
                0x08000dc4       0x1c ./Utilities/STM32F429I-Discovery/stm32f429i_discovery_lcd.o
                0x08000dc4                LCD_SetFont
 .text.LCD_SetTransparency
                0x08000de0       0x40 ./Utilities/STM32F429I-Discovery/stm32f429i_discovery_lcd.o
                0x08000de0                LCD_SetTransparency
 .text.LCD_GetFont
                0x08000e20       0x18 ./Utilities/STM32F429I-Discovery/stm32f429i_discovery_lcd.o
                0x08000e20                LCD_GetFont
 .text.LCD_Clear
                0x08000e38       0x40 ./Utilities/STM32F429I-Discovery/stm32f429i_discovery_lcd.o
                0x08000e38                LCD_Clear
 .text.LCD_DrawChar
                0x08000e78      0x120 ./Utilities/STM32F429I-Discovery/stm32f429i_discovery_lcd.o
                0x08000e78                LCD_DrawChar
 .text.LCD_DisplayChar
                0x08000f98       0x48 ./Utilities/STM32F429I-Discovery/stm32f429i_discovery_lcd.o
                0x08000f98                LCD_DisplayChar
 .text.LCD_DisplayStringLine
                0x08000fe0       0x78 ./Utilities/STM32F429I-Discovery/stm32f429i_discovery_lcd.o
                0x08000fe0                LCD_DisplayStringLine
 .text.LCD_DrawLine
                0x08001058       0xc8 ./Utilities/STM32F429I-Discovery/stm32f429i_discovery_lcd.o
                0x08001058                LCD_DrawLine
 .text.LCD_DrawCircle
                0x08001120      0x128 ./Utilities/STM32F429I-Discovery/stm32f429i_discovery_lcd.o
                0x08001120                LCD_DrawCircle
 .text.LCD_DrawFullCircle
                0x08001248      0x120 ./Utilities/STM32F429I-Discovery/stm32f429i_discovery_lcd.o
                0x08001248                LCD_DrawFullCircle
 .text.LCD_WriteCommand
                0x08001368       0x5c ./Utilities/STM32F429I-Discovery/stm32f429i_discovery_lcd.o
                0x08001368                LCD_WriteCommand
 .text.LCD_WriteData
                0x080013c4       0x5c ./Utilities/STM32F429I-Discovery/stm32f429i_discovery_lcd.o
                0x080013c4                LCD_WriteData
 .text.LCD_PowerOn
                0x08001420      0x290 ./Utilities/STM32F429I-Discovery/stm32f429i_discovery_lcd.o
                0x08001420                LCD_PowerOn
 .text.LCD_CtrlLinesConfig
                0x080016b0       0x54 ./Utilities/STM32F429I-Discovery/stm32f429i_discovery_lcd.o
                0x080016b0                LCD_CtrlLinesConfig
 .text.LCD_CtrlLinesWrite
                0x08001704       0x24 ./Utilities/STM32F429I-Discovery/stm32f429i_discovery_lcd.o
                0x08001704                LCD_CtrlLinesWrite
 .text.LCD_SPIConfig
                0x08001728       0xd4 ./Utilities/STM32F429I-Discovery/stm32f429i_discovery_lcd.o
                0x08001728                LCD_SPIConfig
 .text.LCD_AF_GPIOConfig
                0x080017fc      0x178 ./Utilities/STM32F429I-Discovery/stm32f429i_discovery_lcd.o
 .text.delay    0x08001974       0x28 ./Utilities/STM32F429I-Discovery/stm32f429i_discovery_lcd.o
 .text.SDRAM_Init
                0x0800199c       0x74 ./Utilities/STM32F429I-Discovery/stm32f429i_discovery_sdram.o
                0x0800199c                SDRAM_Init
 .text.SDRAM_GPIOConfig
                0x08001a10      0x214 ./Utilities/STM32F429I-Discovery/stm32f429i_discovery_sdram.o
                0x08001a10                SDRAM_GPIOConfig
 .text.SDRAM_InitSequence
                0x08001c24       0xec ./Utilities/STM32F429I-Discovery/stm32f429i_discovery_sdram.o
                0x08001c24                SDRAM_InitSequence
 .text.delay    0x08001d10       0x34 ./Utilities/STM32F429I-Discovery/stm32f429i_discovery_sdram.o
 .text.DMA2D_DeInit
                0x08001d44       0x1c ./StdPeriph_Driver/src/stm32f4xx_dma2d.o
                0x08001d44                DMA2D_DeInit
 .text.DMA2D_Init
                0x08001d60      0x15c ./StdPeriph_Driver/src/stm32f4xx_dma2d.o
                0x08001d60                DMA2D_Init
 .text.DMA2D_StartTransfer
                0x08001ebc       0x1c ./StdPeriph_Driver/src/stm32f4xx_dma2d.o
                0x08001ebc                DMA2D_StartTransfer
 .text.DMA2D_GetFlagStatus
                0x08001ed8       0x34 ./StdPeriph_Driver/src/stm32f4xx_dma2d.o
                0x08001ed8                DMA2D_GetFlagStatus
 .text.FMC_SDRAMInit
                0x08001f0c      0x15c ./StdPeriph_Driver/src/stm32f4xx_fmc.o
                0x08001f0c                FMC_SDRAMInit
 .text.FMC_SDRAMCmdConfig
                0x08002068       0x40 ./StdPeriph_Driver/src/stm32f4xx_fmc.o
                0x08002068                FMC_SDRAMCmdConfig
 .text.FMC_SetRefreshCount
                0x080020a8       0x24 ./StdPeriph_Driver/src/stm32f4xx_fmc.o
                0x080020a8                FMC_SetRefreshCount
 .text.FMC_GetFlagStatus
                0x080020cc       0x7c ./StdPeriph_Driver/src/stm32f4xx_fmc.o
                0x080020cc                FMC_GetFlagStatus
 .text.GPIO_Init
                0x08002148      0x11c ./StdPeriph_Driver/src/stm32f4xx_gpio.o
                0x08002148                GPIO_Init
 .text.GPIO_SetBits
                0x08002264       0x1c ./StdPeriph_Driver/src/stm32f4xx_gpio.o
                0x08002264                GPIO_SetBits
 .text.GPIO_ResetBits
                0x08002280       0x1c ./StdPeriph_Driver/src/stm32f4xx_gpio.o
                0x08002280                GPIO_ResetBits
 .text.GPIO_WriteBit
                0x0800229c       0x30 ./StdPeriph_Driver/src/stm32f4xx_gpio.o
                0x0800229c                GPIO_WriteBit
 .text.GPIO_PinAFConfig
                0x080022cc       0x8c ./StdPeriph_Driver/src/stm32f4xx_gpio.o
                0x080022cc                GPIO_PinAFConfig
 .text.LTDC_Init
                0x08002358      0x12c ./StdPeriph_Driver/src/stm32f4xx_ltdc.o
                0x08002358                LTDC_Init
 .text.LTDC_Cmd
                0x08002484       0x38 ./StdPeriph_Driver/src/stm32f4xx_ltdc.o
                0x08002484                LTDC_Cmd
 .text.LTDC_DitherCmd
                0x080024bc       0x38 ./StdPeriph_Driver/src/stm32f4xx_ltdc.o
                0x080024bc                LTDC_DitherCmd
 .text.LTDC_ReloadConfig
                0x080024f4       0x1c ./StdPeriph_Driver/src/stm32f4xx_ltdc.o
                0x080024f4                LTDC_ReloadConfig
 .text.LTDC_LayerInit
                0x08002510      0x134 ./StdPeriph_Driver/src/stm32f4xx_ltdc.o
                0x08002510                LTDC_LayerInit
 .text.LTDC_LayerCmd
                0x08002644       0x38 ./StdPeriph_Driver/src/stm32f4xx_ltdc.o
                0x08002644                LTDC_LayerCmd
 .text.LTDC_LayerPosition
                0x0800267c       0xdc ./StdPeriph_Driver/src/stm32f4xx_ltdc.o
                0x0800267c                LTDC_LayerPosition
 .text.LTDC_LayerAlpha
                0x08002758       0x1c ./StdPeriph_Driver/src/stm32f4xx_ltdc.o
                0x08002758                LTDC_LayerAlpha
 .text.RCC_PLLSAIConfig
                0x08002774       0x30 ./StdPeriph_Driver/src/stm32f4xx_rcc.o
                0x08002774                RCC_PLLSAIConfig
 .text.RCC_PLLSAICmd
                0x080027a4       0x20 ./StdPeriph_Driver/src/stm32f4xx_rcc.o
                0x080027a4                RCC_PLLSAICmd
 .text.RCC_GetClocksFreq
                0x080027c4      0x154 ./StdPeriph_Driver/src/stm32f4xx_rcc.o
                0x080027c4                RCC_GetClocksFreq
 .text.RCC_LTDCCLKDivConfig
                0x08002918       0x3c ./StdPeriph_Driver/src/stm32f4xx_rcc.o
                0x08002918                RCC_LTDCCLKDivConfig
 .text.RCC_AHB1PeriphClockCmd
                0x08002954       0x3c ./StdPeriph_Driver/src/stm32f4xx_rcc.o
                0x08002954                RCC_AHB1PeriphClockCmd
 .text.RCC_AHB3PeriphClockCmd
                0x08002990       0x3c ./StdPeriph_Driver/src/stm32f4xx_rcc.o
                0x08002990                RCC_AHB3PeriphClockCmd
 .text.RCC_APB2PeriphClockCmd
                0x080029cc       0x3c ./StdPeriph_Driver/src/stm32f4xx_rcc.o
                0x080029cc                RCC_APB2PeriphClockCmd
 .text.RCC_AHB1PeriphResetCmd
                0x08002a08       0x3c ./StdPeriph_Driver/src/stm32f4xx_rcc.o
                0x08002a08                RCC_AHB1PeriphResetCmd
 .text.RCC_APB1PeriphResetCmd
                0x08002a44       0x3c ./StdPeriph_Driver/src/stm32f4xx_rcc.o
                0x08002a44                RCC_APB1PeriphResetCmd
 .text.RCC_APB2PeriphResetCmd
                0x08002a80       0x3c ./StdPeriph_Driver/src/stm32f4xx_rcc.o
                0x08002a80                RCC_APB2PeriphResetCmd
 .text.RCC_GetFlagStatus
                0x08002abc       0x74 ./StdPeriph_Driver/src/stm32f4xx_rcc.o
                0x08002abc                RCC_GetFlagStatus
 .text.SPI_I2S_DeInit
                0x08002b30       0xd8 ./StdPeriph_Driver/src/stm32f4xx_spi.o
                0x08002b30                SPI_I2S_DeInit
 .text.SPI_Init
                0x08002c08       0x88 ./StdPeriph_Driver/src/stm32f4xx_spi.o
                0x08002c08                SPI_Init
 .text.SPI_Cmd  0x08002c90       0x40 ./StdPeriph_Driver/src/stm32f4xx_spi.o
                0x08002c90                SPI_Cmd
 .text.SPI_I2S_SendData
                0x08002cd0       0x1c ./StdPeriph_Driver/src/stm32f4xx_spi.o
                0x08002cd0                SPI_I2S_SendData
 .text.SPI_I2S_GetFlagStatus
                0x08002cec       0x38 ./StdPeriph_Driver/src/stm32f4xx_spi.o
                0x08002cec                SPI_I2S_GetFlagStatus
 .text.USART_Init
                0x08002d24      0x174 ./StdPeriph_Driver/src/stm32f4xx_usart.o
                0x08002d24                USART_Init
 .text.USART_Cmd
                0x08002e98       0x40 ./StdPeriph_Driver/src/stm32f4xx_usart.o
                0x08002e98                USART_Cmd
 .text.USART_SendData
                0x08002ed8       0x24 ./StdPeriph_Driver/src/stm32f4xx_usart.o
                0x08002ed8                USART_SendData
 .text.USART_GetFlagStatus
                0x08002efc       0x38 ./StdPeriph_Driver/src/stm32f4xx_usart.o
                0x08002efc                USART_GetFlagStatus
 .text.__libc_init_array
                0x08002f34       0x50 c:/ac6/systemworkbench/plugins/fr.ac6.mcu.externaltools.arm-none.win32_1.1.0.201503101257/tools/compiler/bin/../lib/gcc/arm-none-eabi/4.8.4/../../../../arm-none-eabi/lib/armv7e-m/softfp\libc.a(lib_a-init.o)
                0x08002f34                __libc_init_array
 .text.startup.register_fini
                0x08002f84       0x14 c:/ac6/systemworkbench/plugins/fr.ac6.mcu.externaltools.arm-none.win32_1.1.0.201503101257/tools/compiler/bin/../lib/gcc/arm-none-eabi/4.8.4/../../../../arm-none-eabi/lib/armv7e-m/softfp\libc.a(lib_a-__call_atexit.o)
 .text.atexit   0x08002f98        0xc c:/ac6/systemworkbench/plugins/fr.ac6.mcu.externaltools.arm-none.win32_1.1.0.201503101257/tools/compiler/bin/../lib/gcc/arm-none-eabi/4.8.4/../../../../arm-none-eabi/lib/armv7e-m/softfp\libc.a(lib_a-atexit.o)
                0x08002f98                atexit
 .text.__libc_fini_array
                0x08002fa4       0x30 c:/ac6/systemworkbench/plugins/fr.ac6.mcu.externaltools.arm-none.win32_1.1.0.201503101257/tools/compiler/bin/../lib/gcc/arm-none-eabi/4.8.4/../../../../arm-none-eabi/lib/armv7e-m/softfp\libc.a(lib_a-fini.o)
                0x08002fa4                __libc_fini_array
 .text.__register_exitproc
                0x08002fd4       0xa8 c:/ac6/systemworkbench/plugins/fr.ac6.mcu.externaltools.arm-none.win32_1.1.0.201503101257/tools/compiler/bin/../lib/gcc/arm-none-eabi/4.8.4/../../../../arm-none-eabi/lib/armv7e-m/softfp\libc.a(lib_a-__atexit.o)
                0x08002fd4                __register_exitproc
 *(.glue_7)
 .glue_7        0x00000000        0x0 linker stubs
 *(.glue_7t)
 .glue_7t       0x00000000        0x0 linker stubs
 *(.eh_frame)
 .eh_frame      0x0800307c        0x0 c:/ac6/systemworkbench/plugins/fr.ac6.mcu.externaltools.arm-none.win32_1.1.0.201503101257/tools/compiler/bin/../lib/gcc/arm-none-eabi/4.8.4/armv7e-m/softfp/crtbegin.o
 *(.init)
 .init          0x0800307c        0x4 c:/ac6/systemworkbench/plugins/fr.ac6.mcu.externaltools.arm-none.win32_1.1.0.201503101257/tools/compiler/bin/../lib/gcc/arm-none-eabi/4.8.4/armv7e-m/softfp/crti.o
                0x0800307c                _init
 .init          0x08003080        0x8 c:/ac6/systemworkbench/plugins/fr.ac6.mcu.externaltools.arm-none.win32_1.1.0.201503101257/tools/compiler/bin/../lib/gcc/arm-none-eabi/4.8.4/armv7e-m/softfp/crtn.o
 *(.fini)
 .fini          0x08003088        0x4 c:/ac6/systemworkbench/plugins/fr.ac6.mcu.externaltools.arm-none.win32_1.1.0.201503101257/tools/compiler/bin/../lib/gcc/arm-none-eabi/4.8.4/armv7e-m/softfp/crti.o
                0x08003088                _fini
 .fini          0x0800308c        0x8 c:/ac6/systemworkbench/plugins/fr.ac6.mcu.externaltools.arm-none.win32_1.1.0.201503101257/tools/compiler/bin/../lib/gcc/arm-none-eabi/4.8.4/armv7e-m/softfp/crtn.o
                0x08003094                . = ALIGN (0x4)
                0x08003094                _etext = .

.vfp11_veneer   0x08003094        0x0
 .vfp11_veneer  0x00000000        0x0 linker stubs

.v4_bx          0x08003094        0x0
 .v4_bx         0x00000000        0x0 linker stubs

.iplt           0x08003094        0x0
 .iplt          0x00000000        0x0 c:/ac6/systemworkbench/plugins/fr.ac6.mcu.externaltools.arm-none.win32_1.1.0.201503101257/tools/compiler/bin/../lib/gcc/arm-none-eabi/4.8.4/armv7e-m/softfp/crtbegin.o

.rodata         0x08003094     0x4614
                0x08003094                . = ALIGN (0x4)
 *(.rodata)
 .rodata        0x08003094     0x1c3c ./src/main.o
                0x08003094                logo
 .rodata        0x08004cd0     0x29d0 ./Utilities/Common/fonts.o
                0x08004cd0                ASCII16x24_Table
                0x08005ea0                ASCII12x12_Table
                0x080067a0                ASCII8x12_Table
                0x080070a0                ASCII8x8_Table
 *(.rodata*)
 .rodata.str1.4
                0x080076a0        0x4 c:/ac6/systemworkbench/plugins/fr.ac6.mcu.externaltools.arm-none.win32_1.1.0.201503101257/tools/compiler/bin/../lib/gcc/arm-none-eabi/4.8.4/../../../../arm-none-eabi/lib/armv7e-m/softfp\libc.a(lib_a-impure.o)
 .rodata._global_impure_ptr
                0x080076a4        0x4 c:/ac6/systemworkbench/plugins/fr.ac6.mcu.externaltools.arm-none.win32_1.1.0.201503101257/tools/compiler/bin/../lib/gcc/arm-none-eabi/4.8.4/../../../../arm-none-eabi/lib/armv7e-m/softfp\libc.a(lib_a-impure.o)
                0x080076a4                _global_impure_ptr
                0x080076a8                . = ALIGN (0x4)

.rel.dyn        0x080076a8        0x0
 .rel.iplt      0x00000000        0x0 c:/ac6/systemworkbench/plugins/fr.ac6.mcu.externaltools.arm-none.win32_1.1.0.201503101257/tools/compiler/bin/../lib/gcc/arm-none-eabi/4.8.4/armv7e-m/softfp/crtbegin.o

.ARM.extab
 *(.ARM.extab* .gnu.linkonce.armextab.*)

.ARM            0x080076a8        0x0
                0x080076a8                __exidx_start = .
 *(.ARM.exidx*)
                0x080076a8                __exidx_end = .

.preinit_array  0x080076a8        0x0
                0x080076a8                PROVIDE (__preinit_array_start, .)
 *(.preinit_array*)
                0x080076a8                PROVIDE (__preinit_array_end, .)

.init_array     0x080076a8        0x8
                0x080076a8                PROVIDE (__init_array_start, .)
 *(SORT(.init_array.*))
 .init_array.00000
                0x080076a8        0x4 c:/ac6/systemworkbench/plugins/fr.ac6.mcu.externaltools.arm-none.win32_1.1.0.201503101257/tools/compiler/bin/../lib/gcc/arm-none-eabi/4.8.4/../../../../arm-none-eabi/lib/armv7e-m/softfp\libc.a(lib_a-__call_atexit.o)
 *(.init_array*)
 .init_array    0x080076ac        0x4 c:/ac6/systemworkbench/plugins/fr.ac6.mcu.externaltools.arm-none.win32_1.1.0.201503101257/tools/compiler/bin/../lib/gcc/arm-none-eabi/4.8.4/armv7e-m/softfp/crtbegin.o
                0x080076b0                PROVIDE (__init_array_end, .)

.fini_array     0x080076b0        0x4
                0x080076b0                PROVIDE (__fini_array_start, .)
 *(SORT(.fini_array.*))
 *(.fini_array*)
 .fini_array    0x080076b0        0x4 c:/ac6/systemworkbench/plugins/fr.ac6.mcu.externaltools.arm-none.win32_1.1.0.201503101257/tools/compiler/bin/../lib/gcc/arm-none-eabi/4.8.4/armv7e-m/softfp/crtbegin.o
                0x080076b4                PROVIDE (__fini_array_end, .)
                0x080076b4                _sidata = LOADADDR (.data)

.data           0x20000000      0x478 load address 0x080076b4
                0x20000000                . = ALIGN (0x4)
                0x20000000                _sdata = .
 *(.data)
 .data          0x20000000       0x14 ./src/system_stm32f4xx.o
                0x20000000                SystemCoreClock
                0x20000004                AHBPrescTable
 .data          0x20000014        0x1 ./src/myCustomLibs/time.o
                0x20000014                freqMhz
 *fill*         0x20000015        0x3 
 .data          0x20000018        0x8 ./Utilities/STM32F429I-Discovery/stm32f429i_discovery_lcd.o
 .data          0x20000020       0x20 ./Utilities/Common/fonts.o
                0x20000020                Font16x24
                0x20000028                Font12x12
                0x20000030                Font8x12
                0x20000038                Font8x8
 .data          0x20000040       0x10 ./StdPeriph_Driver/src/stm32f4xx_rcc.o
 *(.data*)
 .data.impure_data
                0x20000050      0x428 c:/ac6/systemworkbench/plugins/fr.ac6.mcu.externaltools.arm-none.win32_1.1.0.201503101257/tools/compiler/bin/../lib/gcc/arm-none-eabi/4.8.4/../../../../arm-none-eabi/lib/armv7e-m/softfp\libc.a(lib_a-impure.o)
                0x20000478                . = ALIGN (0x4)
                0x20000478                _edata = .
                0x08007b2c                _siccmram = LOADADDR (.ccmram)

.jcr            0x20000478        0x0 load address 0x08007b2c
 .jcr           0x20000478        0x0 c:/ac6/systemworkbench/plugins/fr.ac6.mcu.externaltools.arm-none.win32_1.1.0.201503101257/tools/compiler/bin/../lib/gcc/arm-none-eabi/4.8.4/armv7e-m/softfp/crtbegin.o

.igot.plt       0x20000478        0x0 load address 0x08007b2c
 .igot.plt      0x00000000        0x0 c:/ac6/systemworkbench/plugins/fr.ac6.mcu.externaltools.arm-none.win32_1.1.0.201503101257/tools/compiler/bin/../lib/gcc/arm-none-eabi/4.8.4/armv7e-m/softfp/crtbegin.o

.ccmram         0x10000000        0x0 load address 0x08007b2c
                0x10000000                . = ALIGN (0x4)
                0x10000000                _sccmram = .
 *(.ccmram)
 *(.ccmram*)
                0x10000000                . = ALIGN (0x4)
                0x10000000                _eccmram = .
                0x10000000                . = ALIGN (0x4)

.bss            0x20000478       0x34
                0x20000478                _sbss = .
                0x20000478                __bss_start__ = _sbss
 *(.bss)
 .bss           0x20000478       0x1c c:/ac6/systemworkbench/plugins/fr.ac6.mcu.externaltools.arm-none.win32_1.1.0.201503101257/tools/compiler/bin/../lib/gcc/arm-none-eabi/4.8.4/armv7e-m/softfp/crtbegin.o
 .bss           0x20000494        0x4 ./src/main.o
                0x20000494                timeStamp
 .bss           0x20000498        0x8 ./src/myCustomLibs/time.o
                0x20000498                millis
                0x2000049c                micros
 .bss           0x200004a0        0xc ./Utilities/STM32F429I-Discovery/stm32f429i_discovery_lcd.o
 *(.bss*)
 *(COMMON)
                0x200004ac                . = ALIGN (0x4)
                0x200004ac                _ebss = .
                0x200004ac                __bss_end__ = _ebss

._user_heap_stack
                0x200004ac      0x600
                0x200004ac                . = ALIGN (0x4)
                0x200004ac                PROVIDE (end, .)
                0x200004ac                PROVIDE (_end, .)
                0x200006ac                . = (. + _Min_Heap_Size)
 *fill*         0x200004ac      0x200 
                0x20000aac                . = (. + _Min_Stack_Size)
 *fill*         0x200006ac      0x400 
                0x20000aac                . = ALIGN (0x4)

/DISCARD/
 libc.a(*)
 libm.a(*)
 libgcc.a(*)

.ARM.attributes
                0x00000000       0x2e
 *(.ARM.attributes)
 .ARM.attributes
                0x00000000       0x22 c:/ac6/systemworkbench/plugins/fr.ac6.mcu.externaltools.arm-none.win32_1.1.0.201503101257/tools/compiler/bin/../lib/gcc/arm-none-eabi/4.8.4/armv7e-m/softfp/crti.o
 .ARM.attributes
                0x00000022       0x32 c:/ac6/systemworkbench/plugins/fr.ac6.mcu.externaltools.arm-none.win32_1.1.0.201503101257/tools/compiler/bin/../lib/gcc/arm-none-eabi/4.8.4/armv7e-m/softfp/crtbegin.o
 .ARM.attributes
                0x00000054       0x21 ./startup/startup_stm32f429_439xx.o
 .ARM.attributes
                0x00000075       0x37 ./src/main.o
 .ARM.attributes
                0x000000ac       0x37 ./src/system_stm32f4xx.o
 .ARM.attributes
                0x000000e3       0x37 ./src/myCustomLibs/time.o
 .ARM.attributes
                0x0000011a       0x37 ./Utilities/STM32F429I-Discovery/stm32f429i_discovery_lcd.o
 .ARM.attributes
                0x00000151       0x37 ./Utilities/STM32F429I-Discovery/stm32f429i_discovery_sdram.o
 .ARM.attributes
                0x00000188       0x37 ./Utilities/Common/fonts.o
 .ARM.attributes
                0x000001bf       0x37 ./StdPeriph_Driver/src/stm32f4xx_dma2d.o
 .ARM.attributes
                0x000001f6       0x37 ./StdPeriph_Driver/src/stm32f4xx_fmc.o
 .ARM.attributes
                0x0000022d       0x37 ./StdPeriph_Driver/src/stm32f4xx_gpio.o
 .ARM.attributes
                0x00000264       0x37 ./StdPeriph_Driver/src/stm32f4xx_ltdc.o
 .ARM.attributes
                0x0000029b       0x37 ./StdPeriph_Driver/src/stm32f4xx_rcc.o
 .ARM.attributes
                0x000002d2       0x37 ./StdPeriph_Driver/src/stm32f4xx_spi.o
 .ARM.attributes
                0x00000309       0x37 ./StdPeriph_Driver/src/stm32f4xx_usart.o
 .ARM.attributes
                0x00000340       0x32 c:/ac6/systemworkbench/plugins/fr.ac6.mcu.externaltools.arm-none.win32_1.1.0.201503101257/tools/compiler/bin/../lib/gcc/arm-none-eabi/4.8.4/../../../../arm-none-eabi/lib/armv7e-m/softfp\libc.a(lib_a-impure.o)
 .ARM.attributes
                0x00000372       0x32 c:/ac6/systemworkbench/plugins/fr.ac6.mcu.externaltools.arm-none.win32_1.1.0.201503101257/tools/compiler/bin/../lib/gcc/arm-none-eabi/4.8.4/../../../../arm-none-eabi/lib/armv7e-m/softfp\libc.a(lib_a-init.o)
 .ARM.attributes
                0x000003a4       0x32 c:/ac6/systemworkbench/plugins/fr.ac6.mcu.externaltools.arm-none.win32_1.1.0.201503101257/tools/compiler/bin/../lib/gcc/arm-none-eabi/4.8.4/../../../../arm-none-eabi/lib/armv7e-m/softfp\libc.a(lib_a-__call_atexit.o)
 .ARM.attributes
                0x000003d6       0x32 c:/ac6/systemworkbench/plugins/fr.ac6.mcu.externaltools.arm-none.win32_1.1.0.201503101257/tools/compiler/bin/../lib/gcc/arm-none-eabi/4.8.4/../../../../arm-none-eabi/lib/armv7e-m/softfp\libc.a(lib_a-atexit.o)
 .ARM.attributes
                0x00000408       0x32 c:/ac6/systemworkbench/plugins/fr.ac6.mcu.externaltools.arm-none.win32_1.1.0.201503101257/tools/compiler/bin/../lib/gcc/arm-none-eabi/4.8.4/../../../../arm-none-eabi/lib/armv7e-m/softfp\libc.a(lib_a-fini.o)
 .ARM.attributes
                0x0000043a       0x32 c:/ac6/systemworkbench/plugins/fr.ac6.mcu.externaltools.arm-none.win32_1.1.0.201503101257/tools/compiler/bin/../lib/gcc/arm-none-eabi/4.8.4/../../../../arm-none-eabi/lib/armv7e-m/softfp\libc.a(lib_a-__atexit.o)
 .ARM.attributes
                0x0000046c       0x22 c:/ac6/systemworkbench/plugins/fr.ac6.mcu.externaltools.arm-none.win32_1.1.0.201503101257/tools/compiler/bin/../lib/gcc/arm-none-eabi/4.8.4/armv7e-m/softfp/crtn.o
OUTPUT(FAILED_TEST.elf elf32-littlearm)

.debug_line     0x00000000     0x6c79
 .debug_line    0x00000000       0x81 ./startup/startup_stm32f429_439xx.o
 .debug_line    0x00000081      0x8e9 ./src/main.o
 .debug_line    0x0000096a      0x68d ./src/system_stm32f4xx.o
 .debug_line    0x00000ff7      0x695 ./src/myCustomLibs/time.o
 .debug_line    0x0000168c      0xe4e ./Utilities/STM32F429I-Discovery/stm32f429i_discovery_lcd.o
 .debug_line    0x000024da      0x78f ./Utilities/STM32F429I-Discovery/stm32f429i_discovery_sdram.o
 .debug_line    0x00002c69      0x297 ./Utilities/Common/fonts.o
 .debug_line    0x00002f00      0x7ee ./StdPeriph_Driver/src/stm32f4xx_dma2d.o
 .debug_line    0x000036ee      0x98b ./StdPeriph_Driver/src/stm32f4xx_fmc.o
 .debug_line    0x00004079      0x760 ./StdPeriph_Driver/src/stm32f4xx_gpio.o
 .debug_line    0x000047d9      0x91d ./StdPeriph_Driver/src/stm32f4xx_ltdc.o
 .debug_line    0x000050f6      0xa5d ./StdPeriph_Driver/src/stm32f4xx_rcc.o
 .debug_line    0x00005b53      0x877 ./StdPeriph_Driver/src/stm32f4xx_spi.o
 .debug_line    0x000063ca      0x8af ./StdPeriph_Driver/src/stm32f4xx_usart.o

.debug_info     0x00000000     0x809b
 .debug_info    0x00000000       0x86 ./startup/startup_stm32f429_439xx.o
 .debug_info    0x00000086      0x882 ./src/main.o
 .debug_info    0x00000908      0x5c1 ./src/system_stm32f4xx.o
 .debug_info    0x00000ec9      0x788 ./src/myCustomLibs/time.o
 .debug_info    0x00001651     0x1863 ./Utilities/STM32F429I-Discovery/stm32f429i_discovery_lcd.o
 .debug_info    0x00002eb4      0x57d ./Utilities/STM32F429I-Discovery/stm32f429i_discovery_sdram.o
 .debug_info    0x00003431      0x1a2 ./Utilities/Common/fonts.o
 .debug_info    0x000035d3      0x821 ./StdPeriph_Driver/src/stm32f4xx_dma2d.o
 .debug_info    0x00003df4      0xc8e ./StdPeriph_Driver/src/stm32f4xx_fmc.o
 .debug_info    0x00004a82      0x60d ./StdPeriph_Driver/src/stm32f4xx_gpio.o
 .debug_info    0x0000508f      0xd00 ./StdPeriph_Driver/src/stm32f4xx_ltdc.o
 .debug_info    0x00005d8f      0xe19 ./StdPeriph_Driver/src/stm32f4xx_rcc.o
 .debug_info    0x00006ba8      0xb29 ./StdPeriph_Driver/src/stm32f4xx_spi.o
 .debug_info    0x000076d1      0x9ca ./StdPeriph_Driver/src/stm32f4xx_usart.o

.debug_abbrev   0x00000000     0x145a
 .debug_abbrev  0x00000000       0x12 ./startup/startup_stm32f429_439xx.o
 .debug_abbrev  0x00000012      0x221 ./src/main.o
 .debug_abbrev  0x00000233      0x13b ./src/system_stm32f4xx.o
 .debug_abbrev  0x0000036e      0x1c5 ./src/myCustomLibs/time.o
 .debug_abbrev  0x00000533      0x23a ./Utilities/STM32F429I-Discovery/stm32f429i_discovery_lcd.o
 .debug_abbrev  0x0000076d      0x166 ./Utilities/STM32F429I-Discovery/stm32f429i_discovery_sdram.o
 .debug_abbrev  0x000008d3       0x98 ./Utilities/Common/fonts.o
 .debug_abbrev  0x0000096b      0x1ab ./StdPeriph_Driver/src/stm32f4xx_dma2d.o
 .debug_abbrev  0x00000b16      0x184 ./StdPeriph_Driver/src/stm32f4xx_fmc.o
 .debug_abbrev  0x00000c9a      0x1a8 ./StdPeriph_Driver/src/stm32f4xx_gpio.o
 .debug_abbrev  0x00000e42      0x193 ./StdPeriph_Driver/src/stm32f4xx_ltdc.o
 .debug_abbrev  0x00000fd5      0x1bf ./StdPeriph_Driver/src/stm32f4xx_rcc.o
 .debug_abbrev  0x00001194      0x16c ./StdPeriph_Driver/src/stm32f4xx_spi.o
 .debug_abbrev  0x00001300      0x15a ./StdPeriph_Driver/src/stm32f4xx_usart.o

.debug_aranges  0x00000000      0x9d0
 .debug_aranges
                0x00000000       0x28 ./startup/startup_stm32f429_439xx.o
 .debug_aranges
                0x00000028       0x58 ./src/main.o
 .debug_aranges
                0x00000080       0x30 ./src/system_stm32f4xx.o
 .debug_aranges
                0x000000b0       0x48 ./src/myCustomLibs/time.o
 .debug_aranges
                0x000000f8      0x1b0 ./Utilities/STM32F429I-Discovery/stm32f429i_discovery_lcd.o
 .debug_aranges
                0x000002a8       0x48 ./Utilities/STM32F429I-Discovery/stm32f429i_discovery_sdram.o
 .debug_aranges
                0x000002f0       0x18 ./Utilities/Common/fonts.o
 .debug_aranges
                0x00000308       0xb0 ./StdPeriph_Driver/src/stm32f4xx_dma2d.o
 .debug_aranges
                0x000003b8       0xf0 ./StdPeriph_Driver/src/stm32f4xx_fmc.o
 .debug_aranges
                0x000004a8       0x88 ./StdPeriph_Driver/src/stm32f4xx_gpio.o
 .debug_aranges
                0x00000530      0x108 ./StdPeriph_Driver/src/stm32f4xx_ltdc.o
 .debug_aranges
                0x00000638      0x1b8 ./StdPeriph_Driver/src/stm32f4xx_rcc.o
 .debug_aranges
                0x000007f0       0xe0 ./StdPeriph_Driver/src/stm32f4xx_spi.o
 .debug_aranges
                0x000008d0      0x100 ./StdPeriph_Driver/src/stm32f4xx_usart.o

.debug_ranges   0x00000000      0x8f0
 .debug_ranges  0x00000000       0x20 ./startup/startup_stm32f429_439xx.o
 .debug_ranges  0x00000020       0x48 ./src/main.o
 .debug_ranges  0x00000068       0x20 ./src/system_stm32f4xx.o
 .debug_ranges  0x00000088       0x38 ./src/myCustomLibs/time.o
 .debug_ranges  0x000000c0      0x1a0 ./Utilities/STM32F429I-Discovery/stm32f429i_discovery_lcd.o
 .debug_ranges  0x00000260       0x38 ./Utilities/STM32F429I-Discovery/stm32f429i_discovery_sdram.o
 .debug_ranges  0x00000298       0xa0 ./StdPeriph_Driver/src/stm32f4xx_dma2d.o
 .debug_ranges  0x00000338       0xe0 ./StdPeriph_Driver/src/stm32f4xx_fmc.o
 .debug_ranges  0x00000418       0x78 ./StdPeriph_Driver/src/stm32f4xx_gpio.o
 .debug_ranges  0x00000490       0xf8 ./StdPeriph_Driver/src/stm32f4xx_ltdc.o
 .debug_ranges  0x00000588      0x1a8 ./StdPeriph_Driver/src/stm32f4xx_rcc.o
 .debug_ranges  0x00000730       0xd0 ./StdPeriph_Driver/src/stm32f4xx_spi.o
 .debug_ranges  0x00000800       0xf0 ./StdPeriph_Driver/src/stm32f4xx_usart.o

.debug_macro    0x00000000    0x12461
 .debug_macro   0x00000000      0x204 ./src/main.o
 .debug_macro   0x00000204      0x874 ./src/main.o
 .debug_macro   0x00000a78       0x64 ./src/main.o
 .debug_macro   0x00000adc       0x3b ./src/main.o
 .debug_macro   0x00000b17       0x16 ./src/main.o
 .debug_macro   0x00000b2d       0x44 ./src/main.o
 .debug_macro   0x00000b71      0x209 ./src/main.o
 .debug_macro   0x00000d7a       0x2d ./src/main.o
 .debug_macro   0x00000da7       0x42 ./src/main.o
 .debug_macro   0x00000de9      0xd39 ./src/main.o
 .debug_macro   0x00001b22     0x901e ./src/main.o
 .debug_macro   0x0000ab40       0x16 ./src/main.o
 .debug_macro   0x0000ab56      0x44f ./src/main.o
 .debug_macro   0x0000afa5      0x3cf ./src/main.o
 .debug_macro   0x0000b374      0x144 ./src/main.o
 .debug_macro   0x0000b4b8      0x188 ./src/main.o
 .debug_macro   0x0000b640       0xb2 ./src/main.o
 .debug_macro   0x0000b6f2      0x149 ./src/main.o
 .debug_macro   0x0000b83b      0x477 ./src/main.o
 .debug_macro   0x0000bcb2       0xae ./src/main.o
 .debug_macro   0x0000bd60      0x41c ./src/main.o
 .debug_macro   0x0000c17c      0x23a ./src/main.o
 .debug_macro   0x0000c3b6      0x21e ./src/main.o
 .debug_macro   0x0000c5d4      0x478 ./src/main.o
 .debug_macro   0x0000ca4c       0xc3 ./src/main.o
 .debug_macro   0x0000cb0f      0x2bc ./src/main.o
 .debug_macro   0x0000cdcb      0x2bb ./src/main.o
 .debug_macro   0x0000d086       0x64 ./src/main.o
 .debug_macro   0x0000d0ea       0xe7 ./src/main.o
 .debug_macro   0x0000d1d1      0x62f ./src/main.o
 .debug_macro   0x0000d800       0x40 ./src/main.o
 .debug_macro   0x0000d840      0x57b ./src/main.o
 .debug_macro   0x0000ddbb      0x342 ./src/main.o
 .debug_macro   0x0000e0fd      0x36c ./src/main.o
 .debug_macro   0x0000e469       0xf7 ./src/main.o
 .debug_macro   0x0000e560      0x73b ./src/main.o
 .debug_macro   0x0000ec9b      0x223 ./src/main.o
 .debug_macro   0x0000eebe       0x34 ./src/main.o
 .debug_macro   0x0000eef2       0x82 ./src/main.o
 .debug_macro   0x0000ef74       0x35 ./src/main.o
 .debug_macro   0x0000efa9      0x17b ./src/main.o
 .debug_macro   0x0000f124      0x34e ./src/main.o
 .debug_macro   0x0000f472       0x70 ./src/main.o
 .debug_macro   0x0000f4e2       0x10 ./src/main.o
 .debug_macro   0x0000f4f2      0x303 ./src/main.o
 .debug_macro   0x0000f7f5       0x16 ./src/main.o
 .debug_macro   0x0000f80b      0x1cc ./src/system_stm32f4xx.o
 .debug_macro   0x0000f9d7      0x1bd ./src/myCustomLibs/time.o
 .debug_macro   0x0000fb94      0x1e2 ./Utilities/STM32F429I-Discovery/stm32f429i_discovery_lcd.o
 .debug_macro   0x0000fd76      0x1b9 ./Utilities/STM32F429I-Discovery/stm32f429i_discovery_sdram.o
 .debug_macro   0x0000ff2f       0x6a ./Utilities/STM32F429I-Discovery/stm32f429i_discovery_sdram.o
 .debug_macro   0x0000ff99       0x52 ./Utilities/Common/fonts.o
 .debug_macro   0x0000ffeb      0x1c6 ./StdPeriph_Driver/src/stm32f4xx_dma2d.o
 .debug_macro   0x000101b1      0x218 ./StdPeriph_Driver/src/stm32f4xx_dma2d.o
 .debug_macro   0x000103c9      0x1fc ./StdPeriph_Driver/src/stm32f4xx_fmc.o
 .debug_macro   0x000105c5      0x472 ./StdPeriph_Driver/src/stm32f4xx_fmc.o
 .debug_macro   0x00010a37      0x1b4 ./StdPeriph_Driver/src/stm32f4xx_gpio.o
 .debug_macro   0x00010beb      0x2b6 ./StdPeriph_Driver/src/stm32f4xx_gpio.o
 .debug_macro   0x00010ea1      0x1ba ./StdPeriph_Driver/src/stm32f4xx_ltdc.o
 .debug_macro   0x0001105b      0x234 ./StdPeriph_Driver/src/stm32f4xx_ltdc.o
 .debug_macro   0x0001128f      0x27a ./StdPeriph_Driver/src/stm32f4xx_rcc.o
 .debug_macro   0x00011509      0x629 ./StdPeriph_Driver/src/stm32f4xx_rcc.o
 .debug_macro   0x00011b32      0x1e0 ./StdPeriph_Driver/src/stm32f4xx_spi.o
 .debug_macro   0x00011d12      0x366 ./StdPeriph_Driver/src/stm32f4xx_spi.o
 .debug_macro   0x00012078      0x1cc ./StdPeriph_Driver/src/stm32f4xx_usart.o
 .debug_macro   0x00012244      0x21d ./StdPeriph_Driver/src/stm32f4xx_usart.o

.debug_str      0x00000000    0x67c4a
 .debug_str     0x00000000    0x640eb ./src/main.o
                              0x64419 (size before relaxing)
 .debug_str     0x000640eb      0x223 ./src/system_stm32f4xx.o
                              0x6256e (size before relaxing)
 .debug_str     0x0006430e      0x626 ./src/myCustomLibs/time.o
                              0x62fd1 (size before relaxing)
 .debug_str     0x00064934      0x7f7 ./Utilities/STM32F429I-Discovery/stm32f429i_discovery_lcd.o
                              0x6450c (size before relaxing)
 .debug_str     0x0006512b      0x30b ./Utilities/STM32F429I-Discovery/stm32f429i_discovery_sdram.o
                              0x62adc (size before relaxing)
 .debug_str     0x00065436       0x78 ./Utilities/Common/fonts.o
                               0x301f (size before relaxing)
 .debug_str     0x000654ae      0x514 ./StdPeriph_Driver/src/stm32f4xx_dma2d.o
                              0x62906 (size before relaxing)
 .debug_str     0x000659c2      0x8a4 ./StdPeriph_Driver/src/stm32f4xx_fmc.o
                              0x62dba (size before relaxing)
 .debug_str     0x00066266      0x149 ./StdPeriph_Driver/src/stm32f4xx_gpio.o
                              0x6260e (size before relaxing)
 .debug_str     0x000663af      0x492 ./StdPeriph_Driver/src/stm32f4xx_ltdc.o
                              0x62bb6 (size before relaxing)
 .debug_str     0x00066841      0xc49 ./StdPeriph_Driver/src/stm32f4xx_rcc.o
                              0x630d2 (size before relaxing)
 .debug_str     0x0006748a      0x313 ./StdPeriph_Driver/src/stm32f4xx_spi.o
                              0x628e5 (size before relaxing)
 .debug_str     0x0006779d      0x4ad ./StdPeriph_Driver/src/stm32f4xx_usart.o
                              0x62921 (size before relaxing)

.comment        0x00000000       0x70
 .comment       0x00000000       0x70 ./src/main.o
                                 0x71 (size before relaxing)
 .comment       0x00000000       0x71 ./src/system_stm32f4xx.o
 .comment       0x00000000       0x71 ./src/myCustomLibs/time.o
 .comment       0x00000000       0x71 ./Utilities/STM32F429I-Discovery/stm32f429i_discovery_lcd.o
 .comment       0x00000000       0x71 ./Utilities/STM32F429I-Discovery/stm32f429i_discovery_sdram.o
 .comment       0x00000000       0x71 ./Utilities/Common/fonts.o
 .comment       0x00000000       0x71 ./StdPeriph_Driver/src/stm32f4xx_dma2d.o
 .comment       0x00000000       0x71 ./StdPeriph_Driver/src/stm32f4xx_fmc.o
 .comment       0x00000000       0x71 ./StdPeriph_Driver/src/stm32f4xx_gpio.o
 .comment       0x00000000       0x71 ./StdPeriph_Driver/src/stm32f4xx_ltdc.o
 .comment       0x00000000       0x71 ./StdPeriph_Driver/src/stm32f4xx_rcc.o
 .comment       0x00000000       0x71 ./StdPeriph_Driver/src/stm32f4xx_spi.o
 .comment       0x00000000       0x71 ./StdPeriph_Driver/src/stm32f4xx_usart.o

.debug_frame    0x00000000     0x1fe0
 .debug_frame   0x00000000      0x108 ./src/main.o
 .debug_frame   0x00000108       0x64 ./src/system_stm32f4xx.o
 .debug_frame   0x0000016c       0xb4 ./src/myCustomLibs/time.o
 .debug_frame   0x00000220      0x628 ./Utilities/STM32F429I-Discovery/stm32f429i_discovery_lcd.o
 .debug_frame   0x00000848       0xcc ./Utilities/STM32F429I-Discovery/stm32f429i_discovery_sdram.o
 .debug_frame   0x00000914      0x21c ./StdPeriph_Driver/src/stm32f4xx_dma2d.o
 .debug_frame   0x00000b30      0x300 ./StdPeriph_Driver/src/stm32f4xx_fmc.o
 .debug_frame   0x00000e30      0x19c ./StdPeriph_Driver/src/stm32f4xx_gpio.o
 .debug_frame   0x00000fcc      0x358 ./StdPeriph_Driver/src/stm32f4xx_ltdc.o
 .debug_frame   0x00001324      0x5b8 ./StdPeriph_Driver/src/stm32f4xx_rcc.o
 .debug_frame   0x000018dc      0x2d0 ./StdPeriph_Driver/src/stm32f4xx_spi.o
 .debug_frame   0x00001bac      0x344 ./StdPeriph_Driver/src/stm32f4xx_usart.o
 .debug_frame   0x00001ef0       0x2c c:/ac6/systemworkbench/plugins/fr.ac6.mcu.externaltools.arm-none.win32_1.1.0.201503101257/tools/compiler/bin/../lib/gcc/arm-none-eabi/4.8.4/../../../../arm-none-eabi/lib/armv7e-m/softfp\libc.a(lib_a-init.o)
 .debug_frame   0x00001f1c       0x48 c:/ac6/systemworkbench/plugins/fr.ac6.mcu.externaltools.arm-none.win32_1.1.0.201503101257/tools/compiler/bin/../lib/gcc/arm-none-eabi/4.8.4/../../../../arm-none-eabi/lib/armv7e-m/softfp\libc.a(lib_a-__call_atexit.o)
 .debug_frame   0x00001f64       0x20 c:/ac6/systemworkbench/plugins/fr.ac6.mcu.externaltools.arm-none.win32_1.1.0.201503101257/tools/compiler/bin/../lib/gcc/arm-none-eabi/4.8.4/../../../../arm-none-eabi/lib/armv7e-m/softfp\libc.a(lib_a-atexit.o)
 .debug_frame   0x00001f84       0x2c c:/ac6/systemworkbench/plugins/fr.ac6.mcu.externaltools.arm-none.win32_1.1.0.201503101257/tools/compiler/bin/../lib/gcc/arm-none-eabi/4.8.4/../../../../arm-none-eabi/lib/armv7e-m/softfp\libc.a(lib_a-fini.o)
 .debug_frame   0x00001fb0       0x30 c:/ac6/systemworkbench/plugins/fr.ac6.mcu.externaltools.arm-none.win32_1.1.0.201503101257/tools/compiler/bin/../lib/gcc/arm-none-eabi/4.8.4/../../../../arm-none-eabi/lib/armv7e-m/softfp\libc.a(lib_a-__atexit.o)
